Component: ARM Compiler 5.06 update 6 (build 750) Tool: armlink [4d35ed]

==============================================================================

Section Cross References

    system_py32f002b.o(i.SystemCoreClockUpdate) refers to uidiv.o(.text) for __aeabi_uidivmod
    system_py32f002b.o(i.SystemCoreClockUpdate) refers to system_py32f002b.o(.data) for SystemCoreClock
    system_py32f002b.o(i.SystemCoreClockUpdate) refers to system_py32f002b.o(.constdata) for HSIFreqTable
    system_py32f002b.o(i.SystemInit) refers to system_py32f002b.o(i.DelayTime) for DelayTime
    startup_py32f002bxx.o(RESET) refers to startup_py32f002bxx.o(STACK) for __initial_sp
    startup_py32f002bxx.o(RESET) refers to startup_py32f002bxx.o(.text) for Reset_Handler
    startup_py32f002bxx.o(RESET) refers to py32f002b_it.o(i.NMI_Handler) for NMI_Handler
    startup_py32f002bxx.o(RESET) refers to py32f002b_it.o(i.HardFault_Handler) for HardFault_Handler
    startup_py32f002bxx.o(RESET) refers to py32f002b_it.o(i.SVC_Handler) for SVC_Handler
    startup_py32f002bxx.o(RESET) refers to py32f002b_it.o(i.PendSV_Handler) for PendSV_Handler
    startup_py32f002bxx.o(RESET) refers to py32f002b_it.o(i.SysTick_Handler) for SysTick_Handler
    startup_py32f002bxx.o(.text) refers to system_py32f002b.o(i.SystemInit) for SystemInit
    startup_py32f002bxx.o(.text) refers to entry.o(.ARM.Collect$$$$00000000) for __main
    main.o(i.APP_AdcCalibrate) refers to main.o(i.LL_ADC_IsEnabled) for LL_ADC_IsEnabled
    main.o(i.APP_AdcCalibrate) refers to py32f002b_ll_utils.o(i.LL_mDelay) for LL_mDelay
    main.o(i.APP_AdcConfig) refers to main.o(i.LL_IOP_GRP1_EnableClock) for LL_IOP_GRP1_EnableClock
    main.o(i.APP_AdcConfig) refers to main.o(i.LL_GPIO_SetPinMode) for LL_GPIO_SetPinMode
    main.o(i.APP_AdcConvert) refers to main.o(i.LL_ADC_IsEnabled) for LL_ADC_IsEnabled
    main.o(i.APP_AdcConvert) refers to main.o(i.LL_ADC_Disable) for LL_ADC_Disable
    main.o(i.APP_AdcConvert) refers to py32f002b_ll_utils.o(i.LL_mDelay) for LL_mDelay
    main.o(i.APP_AdcReadMidPoint) refers to main.o(i.APP_AdcConvert) for APP_AdcConvert
    main.o(i.APP_AdcReadMidPoint) refers to py32f002b_ll_utils.o(i.LL_mDelay) for LL_mDelay
    main.o(i.APP_AdcReadMidPoint) refers to uidiv.o(.text) for __aeabi_uidivmod
    main.o(i.APP_AdcReadMidPoint) refers to main.o(.data) for mid_point
    main.o(i.APP_MotorControl_SoftPWM) refers to uidiv.o(.text) for __aeabi_uidivmod
    main.o(i.APP_MotorControl_SoftPWM) refers to main.o(i.LL_GPIO_SetOutputPin) for LL_GPIO_SetOutputPin
    main.o(i.APP_MotorControl_SoftPWM) refers to main.o(i.LL_GPIO_ResetOutputPin) for LL_GPIO_ResetOutputPin
    main.o(i.APP_MotorControl_SoftPWM) refers to py32f002b_ll_utils.o(i.LL_mDelay) for LL_mDelay
    main.o(i.APP_MotorControl_SoftPWM) refers to ffltui.o(.text) for __aeabi_ui2f
    main.o(i.APP_MotorControl_SoftPWM) refers to fmul.o(.text) for __aeabi_fmul
    main.o(i.APP_MotorControl_SoftPWM) refers to fdiv.o(.text) for __aeabi_fdiv
    main.o(i.APP_MotorControl_SoftPWM) refers to ffixui.o(.text) for __aeabi_f2uiz
    main.o(i.APP_MotorControl_SoftPWM) refers to main.o(.data) for mid_point
    main.o(i.APP_SystemClockConfig) refers to py32f002b_ll_utils.o(i.LL_Init1msTick) for LL_Init1msTick
    main.o(i.APP_SystemClockConfig) refers to py32f002b_ll_utils.o(i.LL_SetSystemCoreClock) for LL_SetSystemCoreClock
    main.o(i.main) refers to main.o(i.LL_APB1_GRP2_EnableClock) for LL_APB1_GRP2_EnableClock
    main.o(i.main) refers to main.o(i.APP_SystemClockConfig) for APP_SystemClockConfig
    main.o(i.main) refers to py32f002bxx_ll_start_kit.o(i.BSP_LED_Init) for BSP_LED_Init
    main.o(i.main) refers to py32f002bxx_ll_start_kit.o(i.BSP_PB_Init) for BSP_PB_Init
    main.o(i.main) refers to py32f002bxx_ll_start_kit.o(i.BSP_USART_Config) for BSP_USART_Config
    main.o(i.main) refers to main.o(i.APP_AdcConfig) for APP_AdcConfig
    main.o(i.main) refers to main.o(i.APP_AdcCalibrate) for APP_AdcCalibrate
    main.o(i.main) refers to main.o(i.LL_IOP_GRP1_EnableClock) for LL_IOP_GRP1_EnableClock
    main.o(i.main) refers to main.o(i.LL_GPIO_SetPinMode) for LL_GPIO_SetPinMode
    main.o(i.main) refers to main.o(i.APP_AdcReadMidPoint) for APP_AdcReadMidPoint
    main.o(i.main) refers to printf1.o(i.__0printf$1) for __2printf
    main.o(i.main) refers to main.o(i.APP_AdcConvert) for APP_AdcConvert
    main.o(i.main) refers to main.o(i.APP_MotorControl_SoftPWM) for APP_MotorControl_SoftPWM
    main.o(i.main) refers to main.o(.data) for mid_point
    py32f002bxx_ll_start_kit.o(i.BSP_LED_DeInit) refers to py32f002bxx_ll_start_kit.o(i.LL_GPIO_ResetOutputPin) for LL_GPIO_ResetOutputPin
    py32f002bxx_ll_start_kit.o(i.BSP_LED_DeInit) refers to py32f002bxx_ll_start_kit.o(i.LL_GPIO_SetPinMode) for LL_GPIO_SetPinMode
    py32f002bxx_ll_start_kit.o(i.BSP_LED_DeInit) refers to py32f002bxx_ll_start_kit.o(.constdata) for LED_PIN
    py32f002bxx_ll_start_kit.o(i.BSP_LED_DeInit) refers to py32f002bxx_ll_start_kit.o(.data) for LED_PORT
    py32f002bxx_ll_start_kit.o(i.BSP_LED_Init) refers to py32f002bxx_ll_start_kit.o(i.LL_IOP_GRP1_EnableClock) for LL_IOP_GRP1_EnableClock
    py32f002bxx_ll_start_kit.o(i.BSP_LED_Init) refers to py32f002bxx_ll_start_kit.o(i.LL_GPIO_SetPinMode) for LL_GPIO_SetPinMode
    py32f002bxx_ll_start_kit.o(i.BSP_LED_Init) refers to py32f002bxx_ll_start_kit.o(i.LL_GPIO_SetOutputPin) for LL_GPIO_SetOutputPin
    py32f002bxx_ll_start_kit.o(i.BSP_LED_Init) refers to py32f002bxx_ll_start_kit.o(.constdata) for LED_PIN
    py32f002bxx_ll_start_kit.o(i.BSP_LED_Init) refers to py32f002bxx_ll_start_kit.o(.data) for LED_PORT
    py32f002bxx_ll_start_kit.o(i.BSP_LED_Off) refers to py32f002bxx_ll_start_kit.o(i.LL_GPIO_SetOutputPin) for LL_GPIO_SetOutputPin
    py32f002bxx_ll_start_kit.o(i.BSP_LED_Off) refers to py32f002bxx_ll_start_kit.o(.constdata) for LED_PIN
    py32f002bxx_ll_start_kit.o(i.BSP_LED_Off) refers to py32f002bxx_ll_start_kit.o(.data) for LED_PORT
    py32f002bxx_ll_start_kit.o(i.BSP_LED_On) refers to py32f002bxx_ll_start_kit.o(i.LL_GPIO_ResetOutputPin) for LL_GPIO_ResetOutputPin
    py32f002bxx_ll_start_kit.o(i.BSP_LED_On) refers to py32f002bxx_ll_start_kit.o(.constdata) for LED_PIN
    py32f002bxx_ll_start_kit.o(i.BSP_LED_On) refers to py32f002bxx_ll_start_kit.o(.data) for LED_PORT
    py32f002bxx_ll_start_kit.o(i.BSP_LED_Toggle) refers to py32f002bxx_ll_start_kit.o(.data) for LED_PORT
    py32f002bxx_ll_start_kit.o(i.BSP_LED_Toggle) refers to py32f002bxx_ll_start_kit.o(.constdata) for LED_PIN
    py32f002bxx_ll_start_kit.o(i.BSP_PB_DeInit) refers to py32f002bxx_ll_start_kit.o(i.LL_GPIO_SetPinMode) for LL_GPIO_SetPinMode
    py32f002bxx_ll_start_kit.o(i.BSP_PB_DeInit) refers to py32f002bxx_ll_start_kit.o(.constdata) for BUTTON_IRQn
    py32f002bxx_ll_start_kit.o(i.BSP_PB_DeInit) refers to py32f002bxx_ll_start_kit.o(.data) for BUTTON_PORT
    py32f002bxx_ll_start_kit.o(i.BSP_PB_GetState) refers to py32f002bxx_ll_start_kit.o(.data) for BUTTON_PORT
    py32f002bxx_ll_start_kit.o(i.BSP_PB_GetState) refers to py32f002bxx_ll_start_kit.o(.constdata) for BUTTON_PIN
    py32f002bxx_ll_start_kit.o(i.BSP_PB_Init) refers to py32f002bxx_ll_start_kit.o(i.LL_IOP_GRP1_EnableClock) for LL_IOP_GRP1_EnableClock
    py32f002bxx_ll_start_kit.o(i.BSP_PB_Init) refers to py32f002bxx_ll_start_kit.o(i.LL_GPIO_SetPinMode) for LL_GPIO_SetPinMode
    py32f002bxx_ll_start_kit.o(i.BSP_PB_Init) refers to py32f002bxx_ll_start_kit.o(i.LL_GPIO_SetPinPull) for LL_GPIO_SetPinPull
    py32f002bxx_ll_start_kit.o(i.BSP_PB_Init) refers to py32f002bxx_ll_start_kit.o(i.NVIC_SetPriority) for NVIC_SetPriority
    py32f002bxx_ll_start_kit.o(i.BSP_PB_Init) refers to py32f002bxx_ll_start_kit.o(.constdata) for BUTTON_PIN
    py32f002bxx_ll_start_kit.o(i.BSP_PB_Init) refers to py32f002bxx_ll_start_kit.o(.data) for BUTTON_PORT
    py32f002bxx_ll_start_kit.o(i.BSP_USART_Config) refers to py32f002bxx_ll_start_kit.o(i.LL_USART_SetBaudRate) for LL_USART_SetBaudRate
    py32f002bxx_ll_start_kit.o(i.BSP_USART_Config) refers to py32f002bxx_ll_start_kit.o(i.LL_IOP_GRP1_EnableClock) for LL_IOP_GRP1_EnableClock
    py32f002bxx_ll_start_kit.o(i.BSP_USART_Config) refers to py32f002bxx_ll_start_kit.o(i.LL_GPIO_SetPinMode) for LL_GPIO_SetPinMode
    py32f002bxx_ll_start_kit.o(i.BSP_USART_Config) refers to py32f002bxx_ll_start_kit.o(i.LL_GPIO_SetPinSpeed) for LL_GPIO_SetPinSpeed
    py32f002bxx_ll_start_kit.o(i.BSP_USART_Config) refers to py32f002bxx_ll_start_kit.o(i.LL_GPIO_SetPinPull) for LL_GPIO_SetPinPull
    py32f002bxx_ll_start_kit.o(i.BSP_USART_Config) refers to py32f002bxx_ll_start_kit.o(i.LL_GPIO_SetAFPin_0_7) for LL_GPIO_SetAFPin_0_7
    py32f002bxx_ll_start_kit.o(i.BSP_USART_Config) refers to system_py32f002b.o(.data) for SystemCoreClock
    py32f002bxx_ll_start_kit.o(i.LL_USART_SetBaudRate) refers to uidiv.o(.text) for __aeabi_uidivmod
    py32f002b_ll_utils.o(i.LL_Init1msTick) refers to uidiv.o(.text) for __aeabi_uidivmod
    py32f002b_ll_utils.o(i.LL_SetSystemCoreClock) refers to system_py32f002b.o(.data) for SystemCoreClock
    entry.o(.ARM.Collect$$$$00000000) refers (Special) to entry10a.o(.ARM.Collect$$$$0000000D) for __rt_final_cpp
    entry.o(.ARM.Collect$$$$00000000) refers (Special) to entry11a.o(.ARM.Collect$$$$0000000F) for __rt_final_exit
    entry.o(.ARM.Collect$$$$00000000) refers (Special) to entry7b.o(.ARM.Collect$$$$00000008) for _main_clock
    entry.o(.ARM.Collect$$$$00000000) refers (Special) to entry8b.o(.ARM.Collect$$$$0000000A) for _main_cpp_init
    entry.o(.ARM.Collect$$$$00000000) refers (Special) to entry9a.o(.ARM.Collect$$$$0000000B) for _main_init
    entry.o(.ARM.Collect$$$$00000000) refers (Special) to entry5.o(.ARM.Collect$$$$00000004) for _main_scatterload
    entry.o(.ARM.Collect$$$$00000000) refers (Special) to entry2.o(.ARM.Collect$$$$00000001) for _main_stk
    printfb.o(i.__0fprintf$bare) refers to printfb.o(i._printf_core) for _printf_core
    printfb.o(i.__0fprintf$bare) refers to py32f002bxx_ll_start_kit.o(i.fputc) for fputc
    printfb.o(i.__0printf$bare) refers to printfb.o(i._printf_core) for _printf_core
    printfb.o(i.__0printf$bare) refers to py32f002bxx_ll_start_kit.o(i.fputc) for fputc
    printfb.o(i.__0printf$bare) refers to stdout.o(.data) for __stdout
    printfb.o(i.__0snprintf$bare) refers to printfb.o(i._printf_core) for _printf_core
    printfb.o(i.__0snprintf$bare) refers to printfb.o(i._snputc) for _snputc
    printfb.o(i.__0sprintf$bare) refers to printfb.o(i._printf_core) for _printf_core
    printfb.o(i.__0sprintf$bare) refers to printfb.o(i._sputc) for _sputc
    printfb.o(i.__0vfprintf$bare) refers to printfb.o(i._printf_core) for _printf_core
    printfb.o(i.__0vfprintf$bare) refers to py32f002bxx_ll_start_kit.o(i.fputc) for fputc
    printfb.o(i.__0vprintf$bare) refers to printfb.o(i._printf_core) for _printf_core
    printfb.o(i.__0vprintf$bare) refers to py32f002bxx_ll_start_kit.o(i.fputc) for fputc
    printfb.o(i.__0vprintf$bare) refers to stdout.o(.data) for __stdout
    printfb.o(i.__0vsnprintf$bare) refers to printfb.o(i._printf_core) for _printf_core
    printfb.o(i.__0vsnprintf$bare) refers to printfb.o(i._snputc) for _snputc
    printfb.o(i.__0vsprintf$bare) refers to printfb.o(i._printf_core) for _printf_core
    printfb.o(i.__0vsprintf$bare) refers to printfb.o(i._sputc) for _sputc
    printf0.o(i.__0fprintf$0) refers to printf0.o(i._printf_core) for _printf_core
    printf0.o(i.__0fprintf$0) refers to py32f002bxx_ll_start_kit.o(i.fputc) for fputc
    printf0.o(i.__0printf$0) refers to printf0.o(i._printf_core) for _printf_core
    printf0.o(i.__0printf$0) refers to py32f002bxx_ll_start_kit.o(i.fputc) for fputc
    printf0.o(i.__0printf$0) refers to stdout.o(.data) for __stdout
    printf0.o(i.__0snprintf$0) refers to printf0.o(i._printf_core) for _printf_core
    printf0.o(i.__0snprintf$0) refers to printf0.o(i._snputc) for _snputc
    printf0.o(i.__0sprintf$0) refers to printf0.o(i._printf_core) for _printf_core
    printf0.o(i.__0sprintf$0) refers to printf0.o(i._sputc) for _sputc
    printf0.o(i.__0vfprintf$0) refers to printf0.o(i._printf_core) for _printf_core
    printf0.o(i.__0vfprintf$0) refers to py32f002bxx_ll_start_kit.o(i.fputc) for fputc
    printf0.o(i.__0vprintf$0) refers to printf0.o(i._printf_core) for _printf_core
    printf0.o(i.__0vprintf$0) refers to py32f002bxx_ll_start_kit.o(i.fputc) for fputc
    printf0.o(i.__0vprintf$0) refers to stdout.o(.data) for __stdout
    printf0.o(i.__0vsnprintf$0) refers to printf0.o(i._printf_core) for _printf_core
    printf0.o(i.__0vsnprintf$0) refers to printf0.o(i._snputc) for _snputc
    printf0.o(i.__0vsprintf$0) refers to printf0.o(i._printf_core) for _printf_core
    printf0.o(i.__0vsprintf$0) refers to printf0.o(i._sputc) for _sputc
    printf1.o(i.__0fprintf$1) refers to printf1.o(i._printf_core) for _printf_core
    printf1.o(i.__0fprintf$1) refers to py32f002bxx_ll_start_kit.o(i.fputc) for fputc
    printf1.o(i.__0printf$1) refers to printf1.o(i._printf_core) for _printf_core
    printf1.o(i.__0printf$1) refers to py32f002bxx_ll_start_kit.o(i.fputc) for fputc
    printf1.o(i.__0printf$1) refers to stdout.o(.data) for __stdout
    printf1.o(i.__0snprintf$1) refers to printf1.o(i._printf_core) for _printf_core
    printf1.o(i.__0snprintf$1) refers to printf1.o(i._snputc) for _snputc
    printf1.o(i.__0sprintf$1) refers to printf1.o(i._printf_core) for _printf_core
    printf1.o(i.__0sprintf$1) refers to printf1.o(i._sputc) for _sputc
    printf1.o(i.__0vfprintf$1) refers to printf1.o(i._printf_core) for _printf_core
    printf1.o(i.__0vfprintf$1) refers to py32f002bxx_ll_start_kit.o(i.fputc) for fputc
    printf1.o(i.__0vprintf$1) refers to printf1.o(i._printf_core) for _printf_core
    printf1.o(i.__0vprintf$1) refers to py32f002bxx_ll_start_kit.o(i.fputc) for fputc
    printf1.o(i.__0vprintf$1) refers to stdout.o(.data) for __stdout
    printf1.o(i.__0vsnprintf$1) refers to printf1.o(i._printf_core) for _printf_core
    printf1.o(i.__0vsnprintf$1) refers to printf1.o(i._snputc) for _snputc
    printf1.o(i.__0vsprintf$1) refers to printf1.o(i._printf_core) for _printf_core
    printf1.o(i.__0vsprintf$1) refers to printf1.o(i._sputc) for _sputc
    printf1.o(i._printf_core) refers to uidiv.o(.text) for __aeabi_uidivmod
    printf2.o(i.__0fprintf$2) refers to printf2.o(i._printf_core) for _printf_core
    printf2.o(i.__0fprintf$2) refers to py32f002bxx_ll_start_kit.o(i.fputc) for fputc
    printf2.o(i.__0printf$2) refers to printf2.o(i._printf_core) for _printf_core
    printf2.o(i.__0printf$2) refers to py32f002bxx_ll_start_kit.o(i.fputc) for fputc
    printf2.o(i.__0printf$2) refers to stdout.o(.data) for __stdout
    printf2.o(i.__0snprintf$2) refers to printf2.o(i._printf_core) for _printf_core
    printf2.o(i.__0snprintf$2) refers to printf2.o(i._snputc) for _snputc
    printf2.o(i.__0sprintf$2) refers to printf2.o(i._printf_core) for _printf_core
    printf2.o(i.__0sprintf$2) refers to printf2.o(i._sputc) for _sputc
    printf2.o(i.__0vfprintf$2) refers to printf2.o(i._printf_core) for _printf_core
    printf2.o(i.__0vfprintf$2) refers to py32f002bxx_ll_start_kit.o(i.fputc) for fputc
    printf2.o(i.__0vprintf$2) refers to printf2.o(i._printf_core) for _printf_core
    printf2.o(i.__0vprintf$2) refers to py32f002bxx_ll_start_kit.o(i.fputc) for fputc
    printf2.o(i.__0vprintf$2) refers to stdout.o(.data) for __stdout
    printf2.o(i.__0vsnprintf$2) refers to printf2.o(i._printf_core) for _printf_core
    printf2.o(i.__0vsnprintf$2) refers to printf2.o(i._snputc) for _snputc
    printf2.o(i.__0vsprintf$2) refers to printf2.o(i._printf_core) for _printf_core
    printf2.o(i.__0vsprintf$2) refers to printf2.o(i._sputc) for _sputc
    printf3.o(i.__0fprintf$3) refers to printf3.o(i._printf_core) for _printf_core
    printf3.o(i.__0fprintf$3) refers to py32f002bxx_ll_start_kit.o(i.fputc) for fputc
    printf3.o(i.__0printf$3) refers to printf3.o(i._printf_core) for _printf_core
    printf3.o(i.__0printf$3) refers to py32f002bxx_ll_start_kit.o(i.fputc) for fputc
    printf3.o(i.__0printf$3) refers to stdout.o(.data) for __stdout
    printf3.o(i.__0snprintf$3) refers to printf3.o(i._printf_core) for _printf_core
    printf3.o(i.__0snprintf$3) refers to printf3.o(i._snputc) for _snputc
    printf3.o(i.__0sprintf$3) refers to printf3.o(i._printf_core) for _printf_core
    printf3.o(i.__0sprintf$3) refers to printf3.o(i._sputc) for _sputc
    printf3.o(i.__0vfprintf$3) refers to printf3.o(i._printf_core) for _printf_core
    printf3.o(i.__0vfprintf$3) refers to py32f002bxx_ll_start_kit.o(i.fputc) for fputc
    printf3.o(i.__0vprintf$3) refers to printf3.o(i._printf_core) for _printf_core
    printf3.o(i.__0vprintf$3) refers to py32f002bxx_ll_start_kit.o(i.fputc) for fputc
    printf3.o(i.__0vprintf$3) refers to stdout.o(.data) for __stdout
    printf3.o(i.__0vsnprintf$3) refers to printf3.o(i._printf_core) for _printf_core
    printf3.o(i.__0vsnprintf$3) refers to printf3.o(i._snputc) for _snputc
    printf3.o(i.__0vsprintf$3) refers to printf3.o(i._printf_core) for _printf_core
    printf3.o(i.__0vsprintf$3) refers to printf3.o(i._sputc) for _sputc
    printf3.o(i._printf_core) refers to uidiv.o(.text) for __aeabi_uidivmod
    printf4.o(i.__0fprintf$4) refers to printf4.o(i._printf_core) for _printf_core
    printf4.o(i.__0fprintf$4) refers to py32f002bxx_ll_start_kit.o(i.fputc) for fputc
    printf4.o(i.__0printf$4) refers to printf4.o(i._printf_core) for _printf_core
    printf4.o(i.__0printf$4) refers to py32f002bxx_ll_start_kit.o(i.fputc) for fputc
    printf4.o(i.__0printf$4) refers to stdout.o(.data) for __stdout
    printf4.o(i.__0snprintf$4) refers to printf4.o(i._printf_core) for _printf_core
    printf4.o(i.__0snprintf$4) refers to printf4.o(i._snputc) for _snputc
    printf4.o(i.__0sprintf$4) refers to printf4.o(i._printf_core) for _printf_core
    printf4.o(i.__0sprintf$4) refers to printf4.o(i._sputc) for _sputc
    printf4.o(i.__0vfprintf$4) refers to printf4.o(i._printf_core) for _printf_core
    printf4.o(i.__0vfprintf$4) refers to py32f002bxx_ll_start_kit.o(i.fputc) for fputc
    printf4.o(i.__0vprintf$4) refers to printf4.o(i._printf_core) for _printf_core
    printf4.o(i.__0vprintf$4) refers to py32f002bxx_ll_start_kit.o(i.fputc) for fputc
    printf4.o(i.__0vprintf$4) refers to stdout.o(.data) for __stdout
    printf4.o(i.__0vsnprintf$4) refers to printf4.o(i._printf_core) for _printf_core
    printf4.o(i.__0vsnprintf$4) refers to printf4.o(i._snputc) for _snputc
    printf4.o(i.__0vsprintf$4) refers to printf4.o(i._printf_core) for _printf_core
    printf4.o(i.__0vsprintf$4) refers to printf4.o(i._sputc) for _sputc
    printf4.o(i._printf_core) refers to uldiv.o(.text) for __aeabi_uldivmod
    printf5.o(i.__0fprintf$5) refers to printf5.o(i._printf_core) for _printf_core
    printf5.o(i.__0fprintf$5) refers to py32f002bxx_ll_start_kit.o(i.fputc) for fputc
    printf5.o(i.__0printf$5) refers to printf5.o(i._printf_core) for _printf_core
    printf5.o(i.__0printf$5) refers to py32f002bxx_ll_start_kit.o(i.fputc) for fputc
    printf5.o(i.__0printf$5) refers to stdout.o(.data) for __stdout
    printf5.o(i.__0snprintf$5) refers to printf5.o(i._printf_core) for _printf_core
    printf5.o(i.__0snprintf$5) refers to printf5.o(i._snputc) for _snputc
    printf5.o(i.__0sprintf$5) refers to printf5.o(i._printf_core) for _printf_core
    printf5.o(i.__0sprintf$5) refers to printf5.o(i._sputc) for _sputc
    printf5.o(i.__0vfprintf$5) refers to printf5.o(i._printf_core) for _printf_core
    printf5.o(i.__0vfprintf$5) refers to py32f002bxx_ll_start_kit.o(i.fputc) for fputc
    printf5.o(i.__0vprintf$5) refers to printf5.o(i._printf_core) for _printf_core
    printf5.o(i.__0vprintf$5) refers to py32f002bxx_ll_start_kit.o(i.fputc) for fputc
    printf5.o(i.__0vprintf$5) refers to stdout.o(.data) for __stdout
    printf5.o(i.__0vsnprintf$5) refers to printf5.o(i._printf_core) for _printf_core
    printf5.o(i.__0vsnprintf$5) refers to printf5.o(i._snputc) for _snputc
    printf5.o(i.__0vsprintf$5) refers to printf5.o(i._printf_core) for _printf_core
    printf5.o(i.__0vsprintf$5) refers to printf5.o(i._sputc) for _sputc
    printf5.o(i._printf_core) refers to uldiv.o(.text) for __aeabi_uldivmod
    printf6.o(i.__0fprintf$6) refers to printf6.o(i._printf_core) for _printf_core
    printf6.o(i.__0fprintf$6) refers to py32f002bxx_ll_start_kit.o(i.fputc) for fputc
    printf6.o(i.__0printf$6) refers to printf6.o(i._printf_core) for _printf_core
    printf6.o(i.__0printf$6) refers to py32f002bxx_ll_start_kit.o(i.fputc) for fputc
    printf6.o(i.__0printf$6) refers to stdout.o(.data) for __stdout
    printf6.o(i.__0snprintf$6) refers to printf6.o(i._printf_core) for _printf_core
    printf6.o(i.__0snprintf$6) refers to printf6.o(i._snputc) for _snputc
    printf6.o(i.__0sprintf$6) refers to printf6.o(i._printf_core) for _printf_core
    printf6.o(i.__0sprintf$6) refers to printf6.o(i._sputc) for _sputc
    printf6.o(i.__0vfprintf$6) refers to printf6.o(i._printf_core) for _printf_core
    printf6.o(i.__0vfprintf$6) refers to py32f002bxx_ll_start_kit.o(i.fputc) for fputc
    printf6.o(i.__0vprintf$6) refers to printf6.o(i._printf_core) for _printf_core
    printf6.o(i.__0vprintf$6) refers to py32f002bxx_ll_start_kit.o(i.fputc) for fputc
    printf6.o(i.__0vprintf$6) refers to stdout.o(.data) for __stdout
    printf6.o(i.__0vsnprintf$6) refers to printf6.o(i._printf_core) for _printf_core
    printf6.o(i.__0vsnprintf$6) refers to printf6.o(i._snputc) for _snputc
    printf6.o(i.__0vsprintf$6) refers to printf6.o(i._printf_core) for _printf_core
    printf6.o(i.__0vsprintf$6) refers to printf6.o(i._sputc) for _sputc
    printf6.o(i._printf_core) refers to printf6.o(i._printf_pre_padding) for _printf_pre_padding
    printf6.o(i._printf_core) refers to printf6.o(i._printf_post_padding) for _printf_post_padding
    printf6.o(i._printf_core) refers to uidiv.o(.text) for __aeabi_uidivmod
    printf7.o(i.__0fprintf$7) refers to printf7.o(i._printf_core) for _printf_core
    printf7.o(i.__0fprintf$7) refers to py32f002bxx_ll_start_kit.o(i.fputc) for fputc
    printf7.o(i.__0printf$7) refers to printf7.o(i._printf_core) for _printf_core
    printf7.o(i.__0printf$7) refers to py32f002bxx_ll_start_kit.o(i.fputc) for fputc
    printf7.o(i.__0printf$7) refers to stdout.o(.data) for __stdout
    printf7.o(i.__0snprintf$7) refers to printf7.o(i._printf_core) for _printf_core
    printf7.o(i.__0snprintf$7) refers to printf7.o(i._snputc) for _snputc
    printf7.o(i.__0sprintf$7) refers to printf7.o(i._printf_core) for _printf_core
    printf7.o(i.__0sprintf$7) refers to printf7.o(i._sputc) for _sputc
    printf7.o(i.__0vfprintf$7) refers to printf7.o(i._printf_core) for _printf_core
    printf7.o(i.__0vfprintf$7) refers to py32f002bxx_ll_start_kit.o(i.fputc) for fputc
    printf7.o(i.__0vprintf$7) refers to printf7.o(i._printf_core) for _printf_core
    printf7.o(i.__0vprintf$7) refers to py32f002bxx_ll_start_kit.o(i.fputc) for fputc
    printf7.o(i.__0vprintf$7) refers to stdout.o(.data) for __stdout
    printf7.o(i.__0vsnprintf$7) refers to printf7.o(i._printf_core) for _printf_core
    printf7.o(i.__0vsnprintf$7) refers to printf7.o(i._snputc) for _snputc
    printf7.o(i.__0vsprintf$7) refers to printf7.o(i._printf_core) for _printf_core
    printf7.o(i.__0vsprintf$7) refers to printf7.o(i._sputc) for _sputc
    printf7.o(i._printf_core) refers to printf7.o(i._printf_pre_padding) for _printf_pre_padding
    printf7.o(i._printf_core) refers to printf7.o(i._printf_post_padding) for _printf_post_padding
    printf7.o(i._printf_core) refers to uldiv.o(.text) for __aeabi_uldivmod
    printf8.o(i.__0fprintf$8) refers to printf8.o(i._printf_core) for _printf_core
    printf8.o(i.__0fprintf$8) refers to py32f002bxx_ll_start_kit.o(i.fputc) for fputc
    printf8.o(i.__0printf$8) refers to printf8.o(i._printf_core) for _printf_core
    printf8.o(i.__0printf$8) refers to py32f002bxx_ll_start_kit.o(i.fputc) for fputc
    printf8.o(i.__0printf$8) refers to stdout.o(.data) for __stdout
    printf8.o(i.__0snprintf$8) refers to printf8.o(i._printf_core) for _printf_core
    printf8.o(i.__0snprintf$8) refers to printf8.o(i._snputc) for _snputc
    printf8.o(i.__0sprintf$8) refers to printf8.o(i._printf_core) for _printf_core
    printf8.o(i.__0sprintf$8) refers to printf8.o(i._sputc) for _sputc
    printf8.o(i.__0vfprintf$8) refers to printf8.o(i._printf_core) for _printf_core
    printf8.o(i.__0vfprintf$8) refers to py32f002bxx_ll_start_kit.o(i.fputc) for fputc
    printf8.o(i.__0vprintf$8) refers to printf8.o(i._printf_core) for _printf_core
    printf8.o(i.__0vprintf$8) refers to py32f002bxx_ll_start_kit.o(i.fputc) for fputc
    printf8.o(i.__0vprintf$8) refers to stdout.o(.data) for __stdout
    printf8.o(i.__0vsnprintf$8) refers to printf8.o(i._printf_core) for _printf_core
    printf8.o(i.__0vsnprintf$8) refers to printf8.o(i._snputc) for _snputc
    printf8.o(i.__0vsprintf$8) refers to printf8.o(i._printf_core) for _printf_core
    printf8.o(i.__0vsprintf$8) refers to printf8.o(i._sputc) for _sputc
    printf8.o(i._printf_core) refers to printf8.o(i._printf_pre_padding) for _printf_pre_padding
    printf8.o(i._printf_core) refers to printf8.o(i._printf_post_padding) for _printf_post_padding
    printf8.o(i._printf_core) refers to uldiv.o(.text) for __aeabi_uldivmod
    printfa.o(i.__0fprintf) refers (Special) to iusefp.o(.text) for __I$use$fp
    printfa.o(i.__0fprintf) refers to printfa.o(i._printf_core) for _printf_core
    printfa.o(i.__0fprintf) refers to py32f002bxx_ll_start_kit.o(i.fputc) for fputc
    printfa.o(i.__0printf) refers (Special) to iusefp.o(.text) for __I$use$fp
    printfa.o(i.__0printf) refers to printfa.o(i._printf_core) for _printf_core
    printfa.o(i.__0printf) refers to py32f002bxx_ll_start_kit.o(i.fputc) for fputc
    printfa.o(i.__0printf) refers to stdout.o(.data) for __stdout
    printfa.o(i.__0snprintf) refers (Special) to iusefp.o(.text) for __I$use$fp
    printfa.o(i.__0snprintf) refers to printfa.o(i._printf_core) for _printf_core
    printfa.o(i.__0snprintf) refers to printfa.o(i._snputc) for _snputc
    printfa.o(i.__0sprintf) refers (Special) to iusefp.o(.text) for __I$use$fp
    printfa.o(i.__0sprintf) refers to printfa.o(i._printf_core) for _printf_core
    printfa.o(i.__0sprintf) refers to printfa.o(i._sputc) for _sputc
    printfa.o(i.__0vfprintf) refers (Special) to iusefp.o(.text) for __I$use$fp
    printfa.o(i.__0vfprintf) refers to printfa.o(i._printf_core) for _printf_core
    printfa.o(i.__0vfprintf) refers to py32f002bxx_ll_start_kit.o(i.fputc) for fputc
    printfa.o(i.__0vprintf) refers (Special) to iusefp.o(.text) for __I$use$fp
    printfa.o(i.__0vprintf) refers to printfa.o(i._printf_core) for _printf_core
    printfa.o(i.__0vprintf) refers to py32f002bxx_ll_start_kit.o(i.fputc) for fputc
    printfa.o(i.__0vprintf) refers to stdout.o(.data) for __stdout
    printfa.o(i.__0vsnprintf) refers (Special) to iusefp.o(.text) for __I$use$fp
    printfa.o(i.__0vsnprintf) refers to printfa.o(i._printf_core) for _printf_core
    printfa.o(i.__0vsnprintf) refers to printfa.o(i._snputc) for _snputc
    printfa.o(i.__0vsprintf) refers (Special) to iusefp.o(.text) for __I$use$fp
    printfa.o(i.__0vsprintf) refers to printfa.o(i._printf_core) for _printf_core
    printfa.o(i.__0vsprintf) refers to printfa.o(i._sputc) for _sputc
    printfa.o(i._fp_digits) refers (Special) to iusefp.o(.text) for __I$use$fp
    printfa.o(i._fp_digits) refers to dmul.o(.text) for __aeabi_dmul
    printfa.o(i._fp_digits) refers to ddiv.o(.text) for __aeabi_ddiv
    printfa.o(i._fp_digits) refers to cdrcmple.o(.text) for __aeabi_cdrcmple
    printfa.o(i._fp_digits) refers to dadd.o(.text) for __aeabi_dadd
    printfa.o(i._fp_digits) refers to dfixul.o(.text) for __aeabi_d2ulz
    printfa.o(i._fp_digits) refers to uldiv.o(.text) for __aeabi_uldivmod
    printfa.o(i._printf_core) refers (Special) to iusefp.o(.text) for __I$use$fp
    printfa.o(i._printf_core) refers to printfa.o(i._printf_pre_padding) for _printf_pre_padding
    printfa.o(i._printf_core) refers to uldiv.o(.text) for __aeabi_uldivmod
    printfa.o(i._printf_core) refers to printfa.o(i._printf_post_padding) for _printf_post_padding
    printfa.o(i._printf_core) refers to printfa.o(i._fp_digits) for _fp_digits
    printfa.o(i._printf_core) refers to uidiv.o(.text) for __aeabi_uidivmod
    printfa.o(i._printf_post_padding) refers (Special) to iusefp.o(.text) for __I$use$fp
    printfa.o(i._printf_pre_padding) refers (Special) to iusefp.o(.text) for __I$use$fp
    printfa.o(i._snputc) refers (Special) to iusefp.o(.text) for __I$use$fp
    printfa.o(i._sputc) refers (Special) to iusefp.o(.text) for __I$use$fp
    fmul.o(.text) refers (Special) to iusefp.o(.text) for __I$use$fp
    fdiv.o(.text) refers (Special) to iusefp.o(.text) for __I$use$fp
    fdiv.o(.text) refers to fepilogue.o(.text) for _float_round
    ffltui.o(.text) refers (Special) to iusefp.o(.text) for __I$use$fp
    ffltui.o(.text) refers to fepilogue.o(.text) for _float_epilogue
    ffixui.o(.text) refers (Special) to iusefp.o(.text) for __I$use$fp
    entry2.o(.ARM.Collect$$$$00000001) refers to entry2.o(.ARM.Collect$$$$00002712) for __lit__00000000
    entry2.o(.ARM.Collect$$$$00002712) refers to startup_py32f002bxx.o(STACK) for __initial_sp
    entry2.o(__vectab_stack_and_reset_area) refers to startup_py32f002bxx.o(STACK) for __initial_sp
    entry2.o(__vectab_stack_and_reset_area) refers to entry.o(.ARM.Collect$$$$00000000) for __main
    entry5.o(.ARM.Collect$$$$00000004) refers to init.o(.text) for __scatterload
    entry9a.o(.ARM.Collect$$$$0000000B) refers to main.o(i.main) for main
    entry9b.o(.ARM.Collect$$$$0000000C) refers to main.o(i.main) for main
    uldiv.o(.text) refers to llushr.o(.text) for __aeabi_llsr
    uldiv.o(.text) refers to llshl.o(.text) for __aeabi_llsl
    dadd.o(.text) refers to llshl.o(.text) for __aeabi_llsl
    dadd.o(.text) refers to llsshr.o(.text) for __aeabi_lasr
    dadd.o(.text) refers to depilogue.o(.text) for _double_epilogue
    dmul.o(.text) refers to depilogue.o(.text) for _double_epilogue
    ddiv.o(.text) refers to depilogue.o(.text) for _double_round
    dfixul.o(.text) refers to llushr.o(.text) for __aeabi_llsr
    dfixul.o(.text) refers to llshl.o(.text) for __aeabi_llsl
    init.o(.text) refers to entry5.o(.ARM.Collect$$$$00000004) for __main_after_scatterload
    depilogue.o(.text) refers to depilogue.o(i.__ARM_clz) for __ARM_clz
    depilogue.o(.text) refers to llshl.o(.text) for __aeabi_llsl
    depilogue.o(.text) refers to llushr.o(.text) for __aeabi_llsr


==============================================================================

Removing Unused input sections from the image.

    Removing system_py32f002b.o(.rev16_text), (4 bytes).
    Removing system_py32f002b.o(.revsh_text), (4 bytes).
    Removing system_py32f002b.o(i.SystemCoreClockUpdate), (156 bytes).
    Removing system_py32f002b.o(.constdata), (128 bytes).
    Removing startup_py32f002bxx.o(HEAP), (0 bytes).
    Removing main.o(.rev16_text), (4 bytes).
    Removing main.o(.revsh_text), (4 bytes).
    Removing main.o(i.APP_ErrorHandler), (4 bytes).
    Removing main.o(.constdata), (35 bytes).
    Removing py32f002b_it.o(.rev16_text), (4 bytes).
    Removing py32f002b_it.o(.revsh_text), (4 bytes).
    Removing py32f002b_it.o(.constdata), (35 bytes).
    Removing py32f002bxx_ll_start_kit.o(.rev16_text), (4 bytes).
    Removing py32f002bxx_ll_start_kit.o(.revsh_text), (4 bytes).
    Removing py32f002bxx_ll_start_kit.o(i.BSP_GetVersion), (6 bytes).
    Removing py32f002bxx_ll_start_kit.o(i.BSP_LED_DeInit), (48 bytes).
    Removing py32f002bxx_ll_start_kit.o(i.BSP_LED_Off), (32 bytes).
    Removing py32f002bxx_ll_start_kit.o(i.BSP_LED_On), (32 bytes).
    Removing py32f002bxx_ll_start_kit.o(i.BSP_LED_Toggle), (32 bytes).
    Removing py32f002bxx_ll_start_kit.o(i.BSP_PB_DeInit), (60 bytes).
    Removing py32f002bxx_ll_start_kit.o(i.BSP_PB_GetState), (44 bytes).
    Removing py32f002bxx_ll_start_kit.o(i.LL_GPIO_ResetOutputPin), (4 bytes).
    Removing py32f002bxx_ll_start_kit.o(i.fgetc), (36 bytes).
    Removing py32f002b_ll_utils.o(.rev16_text), (4 bytes).
    Removing py32f002b_ll_utils.o(.revsh_text), (4 bytes).
    Removing py32f002b_ll_utils.o(i.LL_SetFlashLatency), (100 bytes).
    Removing py32f002b_ll_utils.o(.data), (32 bytes).
    Removing dadd.o(.text), (356 bytes).
    Removing dmul.o(.text), (208 bytes).
    Removing ddiv.o(.text), (240 bytes).
    Removing dfixul.o(.text), (64 bytes).
    Removing cdrcmple.o(.text), (40 bytes).
    Removing depilogue.o(.text), (190 bytes).
    Removing depilogue.o(i.__ARM_clz), (46 bytes).

34 unused section(s) (total 1968 bytes) removed from the image.

==============================================================================

Image Symbol Table

    Local Symbols

    Symbol Name                              Value     Ov Type        Size  Object(Section)

    ../clib/microlib/division.c              0x00000000   Number         0  uldiv.o ABSOLUTE
    ../clib/microlib/division.c              0x00000000   Number         0  uidiv.o ABSOLUTE
    ../clib/microlib/init/entry.s            0x00000000   Number         0  entry8b.o ABSOLUTE
    ../clib/microlib/init/entry.s            0x00000000   Number         0  entry8a.o ABSOLUTE
    ../clib/microlib/init/entry.s            0x00000000   Number         0  entry11b.o ABSOLUTE
    ../clib/microlib/init/entry.s            0x00000000   Number         0  entry7b.o ABSOLUTE
    ../clib/microlib/init/entry.s            0x00000000   Number         0  entry7a.o ABSOLUTE
    ../clib/microlib/init/entry.s            0x00000000   Number         0  entry10a.o ABSOLUTE
    ../clib/microlib/init/entry.s            0x00000000   Number         0  entry2.o ABSOLUTE
    ../clib/microlib/init/entry.s            0x00000000   Number         0  entry5.o ABSOLUTE
    ../clib/microlib/init/entry.s            0x00000000   Number         0  entry.o ABSOLUTE
    ../clib/microlib/init/entry.s            0x00000000   Number         0  entry11a.o ABSOLUTE
    ../clib/microlib/init/entry.s            0x00000000   Number         0  entry10b.o ABSOLUTE
    ../clib/microlib/init/entry.s            0x00000000   Number         0  entry9b.o ABSOLUTE
    ../clib/microlib/init/entry.s            0x00000000   Number         0  entry9a.o ABSOLUTE
    ../clib/microlib/longlong.c              0x00000000   Number         0  llushr.o ABSOLUTE
    ../clib/microlib/longlong.c              0x00000000   Number         0  llshl.o ABSOLUTE
    ../clib/microlib/longlong.c              0x00000000   Number         0  llsshr.o ABSOLUTE
    ../clib/microlib/printf/printf.c         0x00000000   Number         0  printfb.o ABSOLUTE
    ../clib/microlib/printf/printf.c         0x00000000   Number         0  printf0.o ABSOLUTE
    ../clib/microlib/printf/printf.c         0x00000000   Number         0  printf1.o ABSOLUTE
    ../clib/microlib/printf/printf.c         0x00000000   Number         0  printf2.o ABSOLUTE
    ../clib/microlib/printf/printf.c         0x00000000   Number         0  printf3.o ABSOLUTE
    ../clib/microlib/printf/printf.c         0x00000000   Number         0  printf5.o ABSOLUTE
    ../clib/microlib/printf/printf.c         0x00000000   Number         0  printf7.o ABSOLUTE
    ../clib/microlib/printf/printf.c         0x00000000   Number         0  printf4.o ABSOLUTE
    ../clib/microlib/printf/printf.c         0x00000000   Number         0  printf8.o ABSOLUTE
    ../clib/microlib/printf/printf.c         0x00000000   Number         0  printf6.o ABSOLUTE
    ../clib/microlib/printf/printf.c         0x00000000   Number         0  printfa.o ABSOLUTE
    ../clib/microlib/printf/stubs.s          0x00000000   Number         0  stubs.o ABSOLUTE
    ../clib/microlib/stdio/streams.c         0x00000000   Number         0  stdout.o ABSOLUTE
    ../clib/microlib/stubs.s                 0x00000000   Number         0  iusefp.o ABSOLUTE
    ../fplib/microlib/fpadd.c                0x00000000   Number         0  dadd.o ABSOLUTE
    ../fplib/microlib/fpdiv.c                0x00000000   Number         0  ddiv.o ABSOLUTE
    ../fplib/microlib/fpdiv.c                0x00000000   Number         0  fdiv.o ABSOLUTE
    ../fplib/microlib/fpepilogue.c           0x00000000   Number         0  fepilogue.o ABSOLUTE
    ../fplib/microlib/fpepilogue.c           0x00000000   Number         0  depilogue.o ABSOLUTE
    ../fplib/microlib/fpfix.c                0x00000000   Number         0  dfixul.o ABSOLUTE
    ../fplib/microlib/fpfix.c                0x00000000   Number         0  ffixui.o ABSOLUTE
    ../fplib/microlib/fpflt.c                0x00000000   Number         0  ffltui.o ABSOLUTE
    ../fplib/microlib/fpmul.c                0x00000000   Number         0  dmul.o ABSOLUTE
    ../fplib/microlib/fpmul.c                0x00000000   Number         0  fmul.o ABSOLUTE
    ..\..\Drivers\BSP\PY32F002Bxx_Start_Kit\py32f002bxx_ll_Start_Kit.c 0x00000000   Number         0  py32f002bxx_ll_start_kit.o ABSOLUTE
    ..\..\Drivers\PY32F002B_HAL_Driver\Src\py32f002b_ll_utils.c 0x00000000   Number         0  py32f002b_ll_utils.o ABSOLUTE
    ..\Src\main.c                            0x00000000   Number         0  main.o ABSOLUTE
    ..\Src\py32f002b_it.c                    0x00000000   Number         0  py32f002b_it.o ABSOLUTE
    ..\Src\system_py32f002b.c                0x00000000   Number         0  system_py32f002b.o ABSOLUTE
    ..\\..\\Drivers\\BSP\\PY32F002Bxx_Start_Kit\\py32f002bxx_ll_Start_Kit.c 0x00000000   Number         0  py32f002bxx_ll_start_kit.o ABSOLUTE
    ..\\..\\Drivers\\PY32F002B_HAL_Driver\\Src\\py32f002b_ll_utils.c 0x00000000   Number         0  py32f002b_ll_utils.o ABSOLUTE
    ..\\Src\\main.c                          0x00000000   Number         0  main.o ABSOLUTE
    ..\\Src\\py32f002b_it.c                  0x00000000   Number         0  py32f002b_it.o ABSOLUTE
    ..\\Src\\system_py32f002b.c              0x00000000   Number         0  system_py32f002b.o ABSOLUTE
    cdrcmple.s                               0x00000000   Number         0  cdrcmple.o ABSOLUTE
    dc.s                                     0x00000000   Number         0  dc.o ABSOLUTE
    handlers.s                               0x00000000   Number         0  handlers.o ABSOLUTE
    init.s                                   0x00000000   Number         0  init.o ABSOLUTE
    startup_py32f002bxx.s                    0x00000000   Number         0  startup_py32f002bxx.o ABSOLUTE
    RESET                                    0x08000000   Section      192  startup_py32f002bxx.o(RESET)
    .ARM.Collect$$$$00000000                 0x080000c0   Section        0  entry.o(.ARM.Collect$$$$00000000)
    .ARM.Collect$$$$00000001                 0x080000c0   Section        4  entry2.o(.ARM.Collect$$$$00000001)
    .ARM.Collect$$$$00000004                 0x080000c4   Section        4  entry5.o(.ARM.Collect$$$$00000004)
    .ARM.Collect$$$$00000008                 0x080000c8   Section        0  entry7b.o(.ARM.Collect$$$$00000008)
    .ARM.Collect$$$$0000000A                 0x080000c8   Section        0  entry8b.o(.ARM.Collect$$$$0000000A)
    .ARM.Collect$$$$0000000B                 0x080000c8   Section        8  entry9a.o(.ARM.Collect$$$$0000000B)
    .ARM.Collect$$$$0000000D                 0x080000d0   Section        0  entry10a.o(.ARM.Collect$$$$0000000D)
    .ARM.Collect$$$$0000000F                 0x080000d0   Section        0  entry11a.o(.ARM.Collect$$$$0000000F)
    .ARM.Collect$$$$00002712                 0x080000d0   Section        4  entry2.o(.ARM.Collect$$$$00002712)
    __lit__00000000                          0x080000d0   Data           4  entry2.o(.ARM.Collect$$$$00002712)
    .text                                    0x080000d4   Section       28  startup_py32f002bxx.o(.text)
    .text                                    0x080000f0   Section        0  uidiv.o(.text)
    .text                                    0x0800011c   Section        0  fmul.o(.text)
    .text                                    0x08000196   Section        0  fdiv.o(.text)
    .text                                    0x08000212   Section        0  ffltui.o(.text)
    .text                                    0x08000220   Section        0  ffixui.o(.text)
    .text                                    0x08000248   Section        0  fepilogue.o(.text)
    .text                                    0x08000248   Section        0  iusefp.o(.text)
    .text                                    0x080002cc   Section       36  init.o(.text)
    i.APP_AdcCalibrate                       0x080002f0   Section        0  main.o(i.APP_AdcCalibrate)
    APP_AdcCalibrate                         0x080002f1   Thumb Code    54  main.o(i.APP_AdcCalibrate)
    i.APP_AdcConfig                          0x08000330   Section        0  main.o(i.APP_AdcConfig)
    APP_AdcConfig                            0x08000331   Thumb Code   220  main.o(i.APP_AdcConfig)
    i.APP_AdcConvert                         0x08000414   Section        0  main.o(i.APP_AdcConvert)
    APP_AdcConvert                           0x08000415   Thumb Code   142  main.o(i.APP_AdcConvert)
    i.APP_AdcReadMidPoint                    0x080004ac   Section        0  main.o(i.APP_AdcReadMidPoint)
    APP_AdcReadMidPoint                      0x080004ad   Thumb Code   116  main.o(i.APP_AdcReadMidPoint)
    i.APP_MotorControl_SoftPWM               0x08000534   Section        0  main.o(i.APP_MotorControl_SoftPWM)
    APP_MotorControl_SoftPWM                 0x08000535   Thumb Code   218  main.o(i.APP_MotorControl_SoftPWM)
    i.APP_SystemClockConfig                  0x08000620   Section        0  main.o(i.APP_SystemClockConfig)
    APP_SystemClockConfig                    0x08000621   Thumb Code   126  main.o(i.APP_SystemClockConfig)
    i.BSP_LED_Init                           0x080006a8   Section        0  py32f002bxx_ll_start_kit.o(i.BSP_LED_Init)
    i.BSP_PB_Init                            0x080006e4   Section        0  py32f002bxx_ll_start_kit.o(i.BSP_PB_Init)
    i.BSP_USART_Config                       0x08000784   Section        0  py32f002bxx_ll_start_kit.o(i.BSP_USART_Config)
    i.DelayTime                              0x08000898   Section        0  system_py32f002b.o(i.DelayTime)
    DelayTime                                0x08000899   Thumb Code    24  system_py32f002b.o(i.DelayTime)
    i.HardFault_Handler                      0x080008b4   Section        0  py32f002b_it.o(i.HardFault_Handler)
    i.LL_ADC_Disable                         0x080008b8   Section        0  main.o(i.LL_ADC_Disable)
    LL_ADC_Disable                           0x080008b9   Thumb Code    12  main.o(i.LL_ADC_Disable)
    i.LL_ADC_IsEnabled                       0x080008c8   Section        0  main.o(i.LL_ADC_IsEnabled)
    LL_ADC_IsEnabled                         0x080008c9   Thumb Code    16  main.o(i.LL_ADC_IsEnabled)
    i.LL_APB1_GRP2_EnableClock               0x080008d8   Section        0  main.o(i.LL_APB1_GRP2_EnableClock)
    LL_APB1_GRP2_EnableClock                 0x080008d9   Thumb Code    24  main.o(i.LL_APB1_GRP2_EnableClock)
    i.LL_GPIO_ResetOutputPin                 0x080008f4   Section        0  main.o(i.LL_GPIO_ResetOutputPin)
    LL_GPIO_ResetOutputPin                   0x080008f5   Thumb Code     4  main.o(i.LL_GPIO_ResetOutputPin)
    i.LL_GPIO_SetAFPin_0_7                   0x080008f8   Section        0  py32f002bxx_ll_start_kit.o(i.LL_GPIO_SetAFPin_0_7)
    LL_GPIO_SetAFPin_0_7                     0x080008f9   Thumb Code    36  py32f002bxx_ll_start_kit.o(i.LL_GPIO_SetAFPin_0_7)
    i.LL_GPIO_SetOutputPin                   0x0800091c   Section        0  main.o(i.LL_GPIO_SetOutputPin)
    LL_GPIO_SetOutputPin                     0x0800091d   Thumb Code     4  main.o(i.LL_GPIO_SetOutputPin)
    i.LL_GPIO_SetOutputPin                   0x08000920   Section        0  py32f002bxx_ll_start_kit.o(i.LL_GPIO_SetOutputPin)
    LL_GPIO_SetOutputPin                     0x08000921   Thumb Code     4  py32f002bxx_ll_start_kit.o(i.LL_GPIO_SetOutputPin)
    i.LL_GPIO_SetPinMode                     0x08000924   Section        0  main.o(i.LL_GPIO_SetPinMode)
    LL_GPIO_SetPinMode                       0x08000925   Thumb Code    26  main.o(i.LL_GPIO_SetPinMode)
    i.LL_GPIO_SetPinMode                     0x0800093e   Section        0  py32f002bxx_ll_start_kit.o(i.LL_GPIO_SetPinMode)
    LL_GPIO_SetPinMode                       0x0800093f   Thumb Code    26  py32f002bxx_ll_start_kit.o(i.LL_GPIO_SetPinMode)
    i.LL_GPIO_SetPinPull                     0x08000958   Section        0  py32f002bxx_ll_start_kit.o(i.LL_GPIO_SetPinPull)
    LL_GPIO_SetPinPull                       0x08000959   Thumb Code    26  py32f002bxx_ll_start_kit.o(i.LL_GPIO_SetPinPull)
    i.LL_GPIO_SetPinSpeed                    0x08000972   Section        0  py32f002bxx_ll_start_kit.o(i.LL_GPIO_SetPinSpeed)
    LL_GPIO_SetPinSpeed                      0x08000973   Thumb Code    26  py32f002bxx_ll_start_kit.o(i.LL_GPIO_SetPinSpeed)
    i.LL_IOP_GRP1_EnableClock                0x0800098c   Section        0  main.o(i.LL_IOP_GRP1_EnableClock)
    LL_IOP_GRP1_EnableClock                  0x0800098d   Thumb Code    24  main.o(i.LL_IOP_GRP1_EnableClock)
    i.LL_IOP_GRP1_EnableClock                0x080009a8   Section        0  py32f002bxx_ll_start_kit.o(i.LL_IOP_GRP1_EnableClock)
    LL_IOP_GRP1_EnableClock                  0x080009a9   Thumb Code    24  py32f002bxx_ll_start_kit.o(i.LL_IOP_GRP1_EnableClock)
    i.LL_Init1msTick                         0x080009c4   Section        0  py32f002b_ll_utils.o(i.LL_Init1msTick)
    i.LL_SetSystemCoreClock                  0x080009ec   Section        0  py32f002b_ll_utils.o(i.LL_SetSystemCoreClock)
    i.LL_USART_SetBaudRate                   0x080009f8   Section        0  py32f002bxx_ll_start_kit.o(i.LL_USART_SetBaudRate)
    LL_USART_SetBaudRate                     0x080009f9   Thumb Code   306  py32f002bxx_ll_start_kit.o(i.LL_USART_SetBaudRate)
    i.LL_mDelay                              0x08000b2c   Section        0  py32f002b_ll_utils.o(i.LL_mDelay)
    i.NMI_Handler                            0x08000b60   Section        0  py32f002b_it.o(i.NMI_Handler)
    i.NVIC_SetPriority                       0x08000b64   Section        0  py32f002bxx_ll_start_kit.o(i.NVIC_SetPriority)
    NVIC_SetPriority                         0x08000b65   Thumb Code   110  py32f002bxx_ll_start_kit.o(i.NVIC_SetPriority)
    i.PendSV_Handler                         0x08000bdc   Section        0  py32f002b_it.o(i.PendSV_Handler)
    i.SVC_Handler                            0x08000bde   Section        0  py32f002b_it.o(i.SVC_Handler)
    i.SysTick_Handler                        0x08000be0   Section        0  py32f002b_it.o(i.SysTick_Handler)
    i.SystemInit                             0x08000be4   Section        0  system_py32f002b.o(i.SystemInit)
    i.__0printf$1                            0x08000c30   Section        0  printf1.o(i.__0printf$1)
    i.__scatterload_copy                     0x08000c50   Section       14  handlers.o(i.__scatterload_copy)
    i.__scatterload_null                     0x08000c5e   Section        2  handlers.o(i.__scatterload_null)
    i.__scatterload_zeroinit                 0x08000c60   Section       14  handlers.o(i.__scatterload_zeroinit)
    i._printf_core                           0x08000c70   Section        0  printf1.o(i._printf_core)
    _printf_core                             0x08000c71   Thumb Code   332  printf1.o(i._printf_core)
    i.fputc                                  0x08000dc0   Section        0  py32f002bxx_ll_start_kit.o(i.fputc)
    i.main                                   0x08000dec   Section        0  main.o(i.main)
    .constdata                               0x08000eb4   Section       12  py32f002bxx_ll_start_kit.o(.constdata)
    .data                                    0x20000000   Section        4  system_py32f002b.o(.data)
    .data                                    0x20000004   Section       16  main.o(.data)
    .data                                    0x20000014   Section        8  py32f002bxx_ll_start_kit.o(.data)
    .data                                    0x2000001c   Section        4  stdout.o(.data)
    STACK                                    0x20000020   Section     1024  startup_py32f002bxx.o(STACK)

    Global Symbols

    Symbol Name                              Value     Ov Type        Size  Object(Section)

    BuildAttributes$$THM_ISAv3M$S$PE$A:L22$X:L11$S22$IEEE1$IW$USESV6$~STKCKD$USESV7$~SHL$OTIME$ROPI$EBA8$MICROLIB$REQ8$PRES8$EABIv2 0x00000000   Number         0  anon$$obj.o ABSOLUTE
    __ARM_use_no_argv                        0x00000000   Number         0  main.o ABSOLUTE
    _printf_a                                0x00000000   Number         0  stubs.o ABSOLUTE
    _printf_c                                0x00000000   Number         0  stubs.o ABSOLUTE
    _printf_charcount                        0x00000000   Number         0  stubs.o ABSOLUTE
    _printf_d                                0x00000000   Number         0  stubs.o ABSOLUTE
    _printf_e                                0x00000000   Number         0  stubs.o ABSOLUTE
    _printf_f                                0x00000000   Number         0  stubs.o ABSOLUTE
    _printf_flags                            0x00000000   Number         0  stubs.o ABSOLUTE
    _printf_fp_dec                           0x00000000   Number         0  stubs.o ABSOLUTE
    _printf_fp_hex                           0x00000000   Number         0  stubs.o ABSOLUTE
    _printf_g                                0x00000000   Number         0  stubs.o ABSOLUTE
    _printf_i                                0x00000000   Number         0  stubs.o ABSOLUTE
    _printf_int_dec                          0x00000000   Number         0  stubs.o ABSOLUTE
    _printf_l                                0x00000000   Number         0  stubs.o ABSOLUTE
    _printf_lc                               0x00000000   Number         0  stubs.o ABSOLUTE
    _printf_ll                               0x00000000   Number         0  stubs.o ABSOLUTE
    _printf_lld                              0x00000000   Number         0  stubs.o ABSOLUTE
    _printf_lli                              0x00000000   Number         0  stubs.o ABSOLUTE
    _printf_llo                              0x00000000   Number         0  stubs.o ABSOLUTE
    _printf_llu                              0x00000000   Number         0  stubs.o ABSOLUTE
    _printf_llx                              0x00000000   Number         0  stubs.o ABSOLUTE
    _printf_longlong_dec                     0x00000000   Number         0  stubs.o ABSOLUTE
    _printf_longlong_hex                     0x00000000   Number         0  stubs.o ABSOLUTE
    _printf_longlong_oct                     0x00000000   Number         0  stubs.o ABSOLUTE
    _printf_ls                               0x00000000   Number         0  stubs.o ABSOLUTE
    _printf_mbtowc                           0x00000000   Number         0  stubs.o ABSOLUTE
    _printf_n                                0x00000000   Number         0  stubs.o ABSOLUTE
    _printf_o                                0x00000000   Number         0  stubs.o ABSOLUTE
    _printf_p                                0x00000000   Number         0  stubs.o ABSOLUTE
    _printf_percent                          0x00000000   Number         0  stubs.o ABSOLUTE
    _printf_pre_padding                      0x00000000   Number         0  stubs.o ABSOLUTE
    _printf_return_value                     0x00000000   Number         0  stubs.o ABSOLUTE
    _printf_s                                0x00000000   Number         0  stubs.o ABSOLUTE
    _printf_sizespec                         0x00000000   Number         0  stubs.o ABSOLUTE
    _printf_str                              0x00000000   Number         0  stubs.o ABSOLUTE
    _printf_truncate_signed                  0x00000000   Number         0  stubs.o ABSOLUTE
    _printf_truncate_unsigned                0x00000000   Number         0  stubs.o ABSOLUTE
    _printf_u                                0x00000000   Number         0  stubs.o ABSOLUTE
    _printf_wc                               0x00000000   Number         0  stubs.o ABSOLUTE
    _printf_wctomb                           0x00000000   Number         0  stubs.o ABSOLUTE
    _printf_widthprec                        0x00000000   Number         0  stubs.o ABSOLUTE
    _printf_x                                0x00000000   Number         0  stubs.o ABSOLUTE
    __cpp_initialize__aeabi_                  - Undefined Weak Reference
    __cxa_finalize                            - Undefined Weak Reference
    __decompress                              - Undefined Weak Reference
    _clock_init                               - Undefined Weak Reference
    _microlib_exit                            - Undefined Weak Reference
    __Vectors_Size                           0x000000c0   Number         0  startup_py32f002bxx.o ABSOLUTE
    __Vectors                                0x08000000   Data           4  startup_py32f002bxx.o(RESET)
    __Vectors_End                            0x080000c0   Data           0  startup_py32f002bxx.o(RESET)
    __main                                   0x080000c1   Thumb Code     0  entry.o(.ARM.Collect$$$$00000000)
    _main_stk                                0x080000c1   Thumb Code     0  entry2.o(.ARM.Collect$$$$00000001)
    _main_scatterload                        0x080000c5   Thumb Code     0  entry5.o(.ARM.Collect$$$$00000004)
    __main_after_scatterload                 0x080000c9   Thumb Code     0  entry5.o(.ARM.Collect$$$$00000004)
    _main_clock                              0x080000c9   Thumb Code     0  entry7b.o(.ARM.Collect$$$$00000008)
    _main_cpp_init                           0x080000c9   Thumb Code     0  entry8b.o(.ARM.Collect$$$$0000000A)
    _main_init                               0x080000c9   Thumb Code     0  entry9a.o(.ARM.Collect$$$$0000000B)
    __rt_final_cpp                           0x080000d1   Thumb Code     0  entry10a.o(.ARM.Collect$$$$0000000D)
    __rt_final_exit                          0x080000d1   Thumb Code     0  entry11a.o(.ARM.Collect$$$$0000000F)
    Reset_Handler                            0x080000d5   Thumb Code     8  startup_py32f002bxx.o(.text)
    ADC_COMP_IRQHandler                      0x080000e7   Thumb Code     0  startup_py32f002bxx.o(.text)
    EXTI0_1_IRQHandler                       0x080000e7   Thumb Code     0  startup_py32f002bxx.o(.text)
    EXTI2_3_IRQHandler                       0x080000e7   Thumb Code     0  startup_py32f002bxx.o(.text)
    EXTI4_15_IRQHandler                      0x080000e7   Thumb Code     0  startup_py32f002bxx.o(.text)
    FLASH_IRQHandler                         0x080000e7   Thumb Code     0  startup_py32f002bxx.o(.text)
    I2C1_IRQHandler                          0x080000e7   Thumb Code     0  startup_py32f002bxx.o(.text)
    LPTIM1_IRQHandler                        0x080000e7   Thumb Code     0  startup_py32f002bxx.o(.text)
    RCC_IRQHandler                           0x080000e7   Thumb Code     0  startup_py32f002bxx.o(.text)
    SPI1_IRQHandler                          0x080000e7   Thumb Code     0  startup_py32f002bxx.o(.text)
    TIM14_IRQHandler                         0x080000e7   Thumb Code     0  startup_py32f002bxx.o(.text)
    TIM1_BRK_UP_TRG_COM_IRQHandler           0x080000e7   Thumb Code     0  startup_py32f002bxx.o(.text)
    TIM1_CC_IRQHandler                       0x080000e7   Thumb Code     0  startup_py32f002bxx.o(.text)
    USART1_IRQHandler                        0x080000e7   Thumb Code     0  startup_py32f002bxx.o(.text)
    __aeabi_uidiv                            0x080000f1   Thumb Code     0  uidiv.o(.text)
    __aeabi_uidivmod                         0x080000f1   Thumb Code    44  uidiv.o(.text)
    __aeabi_fmul                             0x0800011d   Thumb Code   122  fmul.o(.text)
    __aeabi_fdiv                             0x08000197   Thumb Code   124  fdiv.o(.text)
    __aeabi_ui2f                             0x08000213   Thumb Code    14  ffltui.o(.text)
    __aeabi_f2uiz                            0x08000221   Thumb Code    40  ffixui.o(.text)
    __I$use$fp                               0x08000249   Thumb Code     0  iusefp.o(.text)
    _float_round                             0x08000249   Thumb Code    16  fepilogue.o(.text)
    _float_epilogue                          0x08000259   Thumb Code   114  fepilogue.o(.text)
    __scatterload                            0x080002cd   Thumb Code    28  init.o(.text)
    __scatterload_rt2                        0x080002cd   Thumb Code     0  init.o(.text)
    BSP_LED_Init                             0x080006a9   Thumb Code    50  py32f002bxx_ll_start_kit.o(i.BSP_LED_Init)
    BSP_PB_Init                              0x080006e5   Thumb Code   136  py32f002bxx_ll_start_kit.o(i.BSP_PB_Init)
    BSP_USART_Config                         0x08000785   Thumb Code   260  py32f002bxx_ll_start_kit.o(i.BSP_USART_Config)
    HardFault_Handler                        0x080008b5   Thumb Code     4  py32f002b_it.o(i.HardFault_Handler)
    LL_Init1msTick                           0x080009c5   Thumb Code    34  py32f002b_ll_utils.o(i.LL_Init1msTick)
    LL_SetSystemCoreClock                    0x080009ed   Thumb Code     6  py32f002b_ll_utils.o(i.LL_SetSystemCoreClock)
    LL_mDelay                                0x08000b2d   Thumb Code    46  py32f002b_ll_utils.o(i.LL_mDelay)
    NMI_Handler                              0x08000b61   Thumb Code     2  py32f002b_it.o(i.NMI_Handler)
    PendSV_Handler                           0x08000bdd   Thumb Code     2  py32f002b_it.o(i.PendSV_Handler)
    SVC_Handler                              0x08000bdf   Thumb Code     2  py32f002b_it.o(i.SVC_Handler)
    SysTick_Handler                          0x08000be1   Thumb Code     2  py32f002b_it.o(i.SysTick_Handler)
    SystemInit                               0x08000be5   Thumb Code    60  system_py32f002b.o(i.SystemInit)
    __0printf$1                              0x08000c31   Thumb Code    24  printf1.o(i.__0printf$1)
    __1printf$1                              0x08000c31   Thumb Code     0  printf1.o(i.__0printf$1)
    __2printf                                0x08000c31   Thumb Code     0  printf1.o(i.__0printf$1)
    __scatterload_copy                       0x08000c51   Thumb Code    14  handlers.o(i.__scatterload_copy)
    __scatterload_null                       0x08000c5f   Thumb Code     2  handlers.o(i.__scatterload_null)
    __scatterload_zeroinit                   0x08000c61   Thumb Code    14  handlers.o(i.__scatterload_zeroinit)
    fputc                                    0x08000dc1   Thumb Code    40  py32f002bxx_ll_start_kit.o(i.fputc)
    main                                     0x08000ded   Thumb Code   148  main.o(i.main)
    LED_PIN                                  0x08000eb4   Data           2  py32f002bxx_ll_start_kit.o(.constdata)
    BUTTON_PIN                               0x08000eb6   Data           2  py32f002bxx_ll_start_kit.o(.constdata)
    BUTTON_IRQn                              0x08000eb8   Data           1  py32f002bxx_ll_start_kit.o(.constdata)
    BUTTON_EXTI_LINE                         0x08000ebc   Data           4  py32f002bxx_ll_start_kit.o(.constdata)
    Region$$Table$$Base                      0x08000ec0   Number         0  anon$$obj.o(Region$$Table)
    Region$$Table$$Limit                     0x08000ee0   Number         0  anon$$obj.o(Region$$Table)
    SystemCoreClock                          0x20000000   Data           4  system_py32f002b.o(.data)
    AdcValue                                 0x20000004   Data           2  main.o(.data)
    mid_point                                0x20000006   Data           2  main.o(.data)
    max_range_pos                            0x20000008   Data           2  main.o(.data)
    max_range_neg                            0x2000000a   Data           2  main.o(.data)
    offset                                   0x2000000c   Data           2  main.o(.data)
    duty_ms                                  0x20000010   Data           4  main.o(.data)
    LED_PORT                                 0x20000014   Data           4  py32f002bxx_ll_start_kit.o(.data)
    BUTTON_PORT                              0x20000018   Data           4  py32f002bxx_ll_start_kit.o(.data)
    __stdout                                 0x2000001c   Data           4  stdout.o(.data)
    __initial_sp                             0x20000420   Data           0  startup_py32f002bxx.o(STACK)



==============================================================================

Memory Map of the image

  Image Entry point : 0x080000c1

  Load Region LR_IROM1 (Base: 0x08000000, Size: 0x00000f00, Max: 0x00006000, ABSOLUTE)

    Execution Region ER_IROM1 (Exec base: 0x08000000, Load base: 0x08000000, Size: 0x00000ee0, Max: 0x00006000, ABSOLUTE)

    Exec Addr    Load Addr    Size         Type   Attr      Idx    E Section Name        Object

    0x08000000   0x08000000   0x000000c0   Data   RO           65    RESET               startup_py32f002bxx.o
    0x080000c0   0x080000c0   0x00000000   Code   RO          470  * .ARM.Collect$$$$00000000  mc_p.l(entry.o)
    0x080000c0   0x080000c0   0x00000004   Code   RO          744    .ARM.Collect$$$$00000001  mc_p.l(entry2.o)
    0x080000c4   0x080000c4   0x00000004   Code   RO          747    .ARM.Collect$$$$00000004  mc_p.l(entry5.o)
    0x080000c8   0x080000c8   0x00000000   Code   RO          749    .ARM.Collect$$$$00000008  mc_p.l(entry7b.o)
    0x080000c8   0x080000c8   0x00000000   Code   RO          751    .ARM.Collect$$$$0000000A  mc_p.l(entry8b.o)
    0x080000c8   0x080000c8   0x00000008   Code   RO          752    .ARM.Collect$$$$0000000B  mc_p.l(entry9a.o)
    0x080000d0   0x080000d0   0x00000000   Code   RO          754    .ARM.Collect$$$$0000000D  mc_p.l(entry10a.o)
    0x080000d0   0x080000d0   0x00000000   Code   RO          756    .ARM.Collect$$$$0000000F  mc_p.l(entry11a.o)
    0x080000d0   0x080000d0   0x00000004   Code   RO          745    .ARM.Collect$$$$00002712  mc_p.l(entry2.o)
    0x080000d4   0x080000d4   0x0000001c   Code   RO           66    .text               startup_py32f002bxx.o
    0x080000f0   0x080000f0   0x0000002c   Code   RO          473    .text               mc_p.l(uidiv.o)
    0x0800011c   0x0800011c   0x0000007a   Code   RO          736    .text               mf_p.l(fmul.o)
    0x08000196   0x08000196   0x0000007c   Code   RO          738    .text               mf_p.l(fdiv.o)
    0x08000212   0x08000212   0x0000000e   Code   RO          740    .text               mf_p.l(ffltui.o)
    0x08000220   0x08000220   0x00000028   Code   RO          742    .text               mf_p.l(ffixui.o)
    0x08000248   0x08000248   0x00000000   Code   RO          761    .text               mc_p.l(iusefp.o)
    0x08000248   0x08000248   0x00000082   Code   RO          762    .text               mf_p.l(fepilogue.o)
    0x080002ca   0x080002ca   0x00000002   PAD
    0x080002cc   0x080002cc   0x00000024   Code   RO          774    .text               mc_p.l(init.o)
    0x080002f0   0x080002f0   0x00000040   Code   RO           72    i.APP_AdcCalibrate  main.o
    0x08000330   0x08000330   0x000000e4   Code   RO           73    i.APP_AdcConfig     main.o
    0x08000414   0x08000414   0x00000098   Code   RO           74    i.APP_AdcConvert    main.o
    0x080004ac   0x080004ac   0x00000088   Code   RO           75    i.APP_AdcReadMidPoint  main.o
    0x08000534   0x08000534   0x000000ec   Code   RO           77    i.APP_MotorControl_SoftPWM  main.o
    0x08000620   0x08000620   0x00000088   Code   RO           78    i.APP_SystemClockConfig  main.o
    0x080006a8   0x080006a8   0x0000003c   Code   RO          277    i.BSP_LED_Init      py32f002bxx_ll_start_kit.o
    0x080006e4   0x080006e4   0x000000a0   Code   RO          283    i.BSP_PB_Init       py32f002bxx_ll_start_kit.o
    0x08000784   0x08000784   0x00000114   Code   RO          284    i.BSP_USART_Config  py32f002bxx_ll_start_kit.o
    0x08000898   0x08000898   0x0000001c   Code   RO            3    i.DelayTime         system_py32f002b.o
    0x080008b4   0x080008b4   0x00000004   Code   RO          214    i.HardFault_Handler  py32f002b_it.o
    0x080008b8   0x080008b8   0x00000010   Code   RO           79    i.LL_ADC_Disable    main.o
    0x080008c8   0x080008c8   0x00000010   Code   RO           80    i.LL_ADC_IsEnabled  main.o
    0x080008d8   0x080008d8   0x0000001c   Code   RO           81    i.LL_APB1_GRP2_EnableClock  main.o
    0x080008f4   0x080008f4   0x00000004   Code   RO           82    i.LL_GPIO_ResetOutputPin  main.o
    0x080008f8   0x080008f8   0x00000024   Code   RO          286    i.LL_GPIO_SetAFPin_0_7  py32f002bxx_ll_start_kit.o
    0x0800091c   0x0800091c   0x00000004   Code   RO           83    i.LL_GPIO_SetOutputPin  main.o
    0x08000920   0x08000920   0x00000004   Code   RO          287    i.LL_GPIO_SetOutputPin  py32f002bxx_ll_start_kit.o
    0x08000924   0x08000924   0x0000001a   Code   RO           84    i.LL_GPIO_SetPinMode  main.o
    0x0800093e   0x0800093e   0x0000001a   Code   RO          288    i.LL_GPIO_SetPinMode  py32f002bxx_ll_start_kit.o
    0x08000958   0x08000958   0x0000001a   Code   RO          289    i.LL_GPIO_SetPinPull  py32f002bxx_ll_start_kit.o
    0x08000972   0x08000972   0x0000001a   Code   RO          290    i.LL_GPIO_SetPinSpeed  py32f002bxx_ll_start_kit.o
    0x0800098c   0x0800098c   0x0000001c   Code   RO           85    i.LL_IOP_GRP1_EnableClock  main.o
    0x080009a8   0x080009a8   0x0000001c   Code   RO          291    i.LL_IOP_GRP1_EnableClock  py32f002bxx_ll_start_kit.o
    0x080009c4   0x080009c4   0x00000028   Code   RO          425    i.LL_Init1msTick    py32f002b_ll_utils.o
    0x080009ec   0x080009ec   0x0000000c   Code   RO          427    i.LL_SetSystemCoreClock  py32f002b_ll_utils.o
    0x080009f8   0x080009f8   0x00000132   Code   RO          292    i.LL_USART_SetBaudRate  py32f002bxx_ll_start_kit.o
    0x08000b2a   0x08000b2a   0x00000002   PAD
    0x08000b2c   0x08000b2c   0x00000034   Code   RO          428    i.LL_mDelay         py32f002b_ll_utils.o
    0x08000b60   0x08000b60   0x00000002   Code   RO          215    i.NMI_Handler       py32f002b_it.o
    0x08000b62   0x08000b62   0x00000002   PAD
    0x08000b64   0x08000b64   0x00000078   Code   RO          293    i.NVIC_SetPriority  py32f002bxx_ll_start_kit.o
    0x08000bdc   0x08000bdc   0x00000002   Code   RO          216    i.PendSV_Handler    py32f002b_it.o
    0x08000bde   0x08000bde   0x00000002   Code   RO          217    i.SVC_Handler       py32f002b_it.o
    0x08000be0   0x08000be0   0x00000002   Code   RO          218    i.SysTick_Handler   py32f002b_it.o
    0x08000be2   0x08000be2   0x00000002   PAD
    0x08000be4   0x08000be4   0x0000004c   Code   RO            5    i.SystemInit        system_py32f002b.o
    0x08000c30   0x08000c30   0x00000020   Code   RO          520    i.__0printf$1       mc_p.l(printf1.o)
    0x08000c50   0x08000c50   0x0000000e   Code   RO          788    i.__scatterload_copy  mc_p.l(handlers.o)
    0x08000c5e   0x08000c5e   0x00000002   Code   RO          789    i.__scatterload_null  mc_p.l(handlers.o)
    0x08000c60   0x08000c60   0x0000000e   Code   RO          790    i.__scatterload_zeroinit  mc_p.l(handlers.o)
    0x08000c6e   0x08000c6e   0x00000002   PAD
    0x08000c70   0x08000c70   0x00000150   Code   RO          527    i._printf_core      mc_p.l(printf1.o)
    0x08000dc0   0x08000dc0   0x0000002c   Code   RO          295    i.fputc             py32f002bxx_ll_start_kit.o
    0x08000dec   0x08000dec   0x000000c8   Code   RO           86    i.main              main.o
    0x08000eb4   0x08000eb4   0x0000000c   Data   RO          296    .constdata          py32f002bxx_ll_start_kit.o
    0x08000ec0   0x08000ec0   0x00000020   Data   RO          786    Region$$Table       anon$$obj.o


    Execution Region RW_IRAM1 (Exec base: 0x20000000, Load base: 0x08000ee0, Size: 0x00000420, Max: 0x00000c00, ABSOLUTE)

    Exec Addr    Load Addr    Size         Type   Attr      Idx    E Section Name        Object

    0x20000000   0x08000ee0   0x00000004   Data   RW            7    .data               system_py32f002b.o
    0x20000004   0x08000ee4   0x00000010   Data   RW           88    .data               main.o
    0x20000014   0x08000ef4   0x00000008   Data   RW          297    .data               py32f002bxx_ll_start_kit.o
    0x2000001c   0x08000efc   0x00000004   Data   RW          758    .data               mc_p.l(stdout.o)
    0x20000020        -       0x00000400   Zero   RW           63    STACK               startup_py32f002bxx.o


==============================================================================

Image component sizes


      Code (inc. data)   RO Data    RW Data    ZI Data      Debug   Object Name

      1274        140          0         16          0      72955   main.o
        12          0          0          0          0       2035   py32f002b_it.o
       104         18          0          0          0       4161   py32f002b_ll_utils.o
      1112         68         12          8          0      35927   py32f002bxx_ll_start_kit.o
        28          8        192          0       1024        592   startup_py32f002bxx.o
       104         20          0          4          0     128244   system_py32f002b.o

    ----------------------------------------------------------------------
      2640        254        236         28       1024     243914   Object Totals
         0          0         32          0          0          0   (incl. Generated)
         6          0          0          0          0          0   (incl. Padding)

    ----------------------------------------------------------------------

      Code (inc. data)   RO Data    RW Data    ZI Data      Debug   Library Member Name

         0          0          0          0          0          0   entry.o
         0          0          0          0          0          0   entry10a.o
         0          0          0          0          0          0   entry11a.o
         8          4          0          0          0          0   entry2.o
         4          0          0          0          0          0   entry5.o
         0          0          0          0          0          0   entry7b.o
         0          0          0          0          0          0   entry8b.o
         8          4          0          0          0          0   entry9a.o
        30          0          0          0          0          0   handlers.o
        36          8          0          0          0         68   init.o
         0          0          0          0          0          0   iusefp.o
       368         12          0          0          0        168   printf1.o
         0          0          0          4          0          0   stdout.o
        44          0          0          0          0         72   uidiv.o
       124          0          0          0          0         72   fdiv.o
       130          0          0          0          0        144   fepilogue.o
        40          0          0          0          0         60   ffixui.o
        14          0          0          0          0         68   ffltui.o
       122          0          0          0          0         72   fmul.o

    ----------------------------------------------------------------------
       932         28          0          4          0        724   Library Totals
         4          0          0          0          0          0   (incl. Padding)

    ----------------------------------------------------------------------

      Code (inc. data)   RO Data    RW Data    ZI Data      Debug   Library Name

       498         28          0          4          0        308   mc_p.l
       430          0          0          0          0        416   mf_p.l

    ----------------------------------------------------------------------
       932         28          0          4          0        724   Library Totals

    ----------------------------------------------------------------------

==============================================================================


      Code (inc. data)   RO Data    RW Data    ZI Data      Debug   

      3572        282        236         32       1024     243074   Grand Totals
      3572        282        236         32       1024     243074   ELF Image Totals
      3572        282        236         32          0          0   ROM Totals

==============================================================================

    Total RO  Size (Code + RO Data)                 3808 (   3.72kB)
    Total RW  Size (RW Data + ZI Data)              1056 (   1.03kB)
    Total ROM Size (Code + RO Data + RW Data)       3840 (   3.75kB)

==============================================================================

